// Jest Snapshot v1, https://goo.gl/fbAQLP

exports[`Plan a visit renders correctly 1`] = `
<View
  onLayout={[Function]}
  style={
    [
      {
        "alignItems": "stretch",
        "flex": 1,
        "justifyContent": "space-evenly",
      },
      {
        "paddingBottom": 0,
      },
    ]
  }
>
  <View
    automaticallyAdjustKeyboardInsets={true}
  >
    <View
      appearance="default"
      level="1"
      style={
        [
          {
            "backgroundColor": "#FFFFFF",
          },
          {
            "alignItems": "stretch",
            "flex": 1,
            "justifyContent": "space-evenly",
          },
        ]
      }
    >
      <Text
        appearance="default"
        category="h1"
        status="basic"
        style={
          [
            {
              "color": "#222B45",
              "fontFamily": "System",
              "fontSize": 36,
              "fontWeight": "800",
            },
            {
              "textAlign": "center",
            },
          ]
        }
      />
      <View
        appearance="default"
        level="1"
        style={
          [
            {
              "backgroundColor": "#FFFFFF",
            },
            undefined,
          ]
        }
      />
      <View
        style={
          {
            "flex": 1,
            "margin": 8,
          }
        }
      >
        <Text
          appearance="default"
          category="p1"
          status="basic"
          style={
            [
              {
                "color": "#222B45",
                "fontFamily": "System",
                "fontSize": 15,
                "fontWeight": "400",
              },
              [
                {
                  "color": "#A0A0A0",
                  "fontFamily": "System",
                  "fontSize": 12,
                  "fontWeight": "800",
                  "marginBottom": 4,
                },
                {
                  "textAlign": "left",
                },
              ],
            ]
          }
        >
          Visit Date
        </Text>
        <View>
          <View
            accessibilityState={
              {
                "busy": undefined,
                "checked": undefined,
                "disabled": undefined,
                "expanded": undefined,
                "selected": undefined,
              }
            }
            accessibilityValue={
              {
                "max": undefined,
                "min": undefined,
                "now": undefined,
                "text": undefined,
              }
            }
            accessible={true}
            collapsable={false}
            focusable={true}
            onClick={[Function]}
            onLayout={[Function]}
            onResponderGrant={[Function]}
            onResponderMove={[Function]}
            onResponderRelease={[Function]}
            onResponderTerminate={[Function]}
            onResponderTerminationRequest={[Function]}
            onStartShouldSetResponder={[Function]}
            style={
              {
                "alignItems": "center",
                "backgroundColor": "#F7F9FC",
                "borderColor": "#E4E9F2",
                "borderRadius": 4,
                "borderWidth": 1,
                "flexDirection": "row",
                "justifyContent": "space-between",
                "minHeight": 40,
                "opacity": 1,
                "paddingHorizontal": 8,
                "paddingVertical": 7,
              }
            }
          >
            <Text
              appearance="default"
              category="p1"
              ellipsizeMode="tail"
              numberOfLines={1}
              status="basic"
              style={
                [
                  {
                    "color": "#222B45",
                    "fontFamily": "System",
                    "fontSize": 15,
                    "fontWeight": "400",
                  },
                  {
                    "color": "#A0A0A0",
                    "fontFamily": "System",
                    "fontSize": 15,
                    "fontWeight": "normal",
                    "marginHorizontal": 8,
                  },
                ]
              }
            >
              Visit Date
            </Text>
          </View>
        </View>
      </View>
      <View
        accessibilityState={
          {
            "busy": undefined,
            "checked": undefined,
            "disabled": undefined,
            "expanded": undefined,
            "selected": undefined,
          }
        }
        accessibilityValue={
          {
            "max": undefined,
            "min": undefined,
            "now": undefined,
            "text": undefined,
          }
        }
        accessible={true}
        collapsable={false}
        focusable={false}
        onClick={[Function]}
        onResponderGrant={[Function]}
        onResponderMove={[Function]}
        onResponderRelease={[Function]}
        onResponderTerminate={[Function]}
        onResponderTerminationRequest={[Function]}
        onStartShouldSetResponder={[Function]}
        style={
          {
            "flex": 1,
            "margin": 8,
            "opacity": 1,
          }
        }
        testID="@undefined/container"
      >
        <Text
          appearance="default"
          category="p2"
          status="basic"
          style={
            [
              {
                "color": "#222B45",
                "fontFamily": "System",
                "fontSize": 13,
                "fontWeight": "400",
              },
              {
                "color": "black",
              },
            ]
          }
        >
          Name
        </Text>
        <View
          style={
            [
              {
                "backgroundColor": "#F7F9FC",
                "borderColor": "#E4E9F2",
                "borderRadius": 4,
                "borderWidth": 1,
                "minHeight": 40,
                "paddingHorizontal": 8,
                "paddingVertical": 7,
              },
              {
                "alignItems": "center",
                "flexDirection": "row",
                "width": "100%",
              },
            ]
          }
        >
          <TextInput
            appearance="default"
            editable={true}
            multiline={false}
            onBlur={[Function]}
            onChangeText={[Function]}
            onFocus={[Function]}
            onMouseEnter={[Function]}
            onMouseLeave={[Function]}
            placeholder="Jane Doe"
            placeholderTextColor="#A0A0A0"
            secureTextEntry={false}
            size="medium"
            status="basic"
            style={
              [
                {
                  "color": "#222B45",
                  "fontFamily": "System",
                  "fontSize": 15,
                  "fontWeight": "normal",
                  "marginHorizontal": 8,
                },
                {
                  "flexBasis": "auto",
                  "flexGrow": 1,
                  "flexShrink": 1,
                },
                null,
                {
                  "fontSize": 18,
                  "maxHeight": 24,
                },
              ]
            }
            testID="@undefined/input"
            value=""
          />
        </View>
      </View>
      <View
        accessibilityState={
          {
            "busy": undefined,
            "checked": undefined,
            "disabled": undefined,
            "expanded": undefined,
            "selected": undefined,
          }
        }
        accessibilityValue={
          {
            "max": undefined,
            "min": undefined,
            "now": undefined,
            "text": undefined,
          }
        }
        accessible={true}
        collapsable={false}
        focusable={false}
        onClick={[Function]}
        onResponderGrant={[Function]}
        onResponderMove={[Function]}
        onResponderRelease={[Function]}
        onResponderTerminate={[Function]}
        onResponderTerminationRequest={[Function]}
        onStartShouldSetResponder={[Function]}
        style={
          {
            "flex": 1,
            "margin": 8,
            "opacity": 1,
          }
        }
        testID="@undefined/container"
      >
        <Text
          appearance="default"
          category="p2"
          status="basic"
          style={
            [
              {
                "color": "#222B45",
                "fontFamily": "System",
                "fontSize": 13,
                "fontWeight": "400",
              },
              {
                "color": "black",
              },
            ]
          }
        >
          Items to bring
        </Text>
        <View
          style={
            [
              {
                "backgroundColor": "#F7F9FC",
                "borderColor": "#E4E9F2",
                "borderRadius": 4,
                "borderWidth": 1,
                "minHeight": 40,
                "paddingHorizontal": 8,
                "paddingVertical": 7,
              },
              {
                "alignItems": "center",
                "flexDirection": "row",
                "width": "100%",
              },
            ]
          }
        >
          <TextInput
            appearance="default"
            editable={true}
            multiline={false}
            onBlur={[Function]}
            onChangeText={[Function]}
            onFocus={[Function]}
            onMouseEnter={[Function]}
            onMouseLeave={[Function]}
            placeholder="Instrument 1"
            placeholderTextColor="#A0A0A0"
            secureTextEntry={false}
            size="medium"
            status="basic"
            style={
              [
                {
                  "color": "#222B45",
                  "fontFamily": "System",
                  "fontSize": 15,
                  "fontWeight": "normal",
                  "marginHorizontal": 8,
                },
                {
                  "flexBasis": "auto",
                  "flexGrow": 1,
                  "flexShrink": 1,
                },
                null,
                {
                  "fontSize": 18,
                  "maxHeight": 24,
                },
              ]
            }
            testID="@undefined/input"
            value=""
          />
        </View>
      </View>
      <View
        accessibilityState={
          {
            "busy": undefined,
            "checked": undefined,
            "disabled": undefined,
            "expanded": undefined,
            "selected": undefined,
          }
        }
        accessibilityValue={
          {
            "max": undefined,
            "min": undefined,
            "now": undefined,
            "text": undefined,
          }
        }
        accessible={true}
        collapsable={false}
        focusable={false}
        onClick={[Function]}
        onResponderGrant={[Function]}
        onResponderMove={[Function]}
        onResponderRelease={[Function]}
        onResponderTerminate={[Function]}
        onResponderTerminationRequest={[Function]}
        onStartShouldSetResponder={[Function]}
        style={
          {
            "flex": 1,
            "margin": 8,
            "opacity": 1,
          }
        }
        testID="@undefined/container"
      >
        <Text
          appearance="default"
          category="p2"
          status="basic"
          style={
            [
              {
                "color": "#222B45",
                "fontFamily": "System",
                "fontSize": 13,
                "fontWeight": "400",
              },
              {
                "color": "black",
              },
            ]
          }
        >
          Additional Notes
        </Text>
        <View
          style={
            [
              {
                "backgroundColor": "#F7F9FC",
                "borderColor": "#E4E9F2",
                "borderRadius": 4,
                "borderWidth": 1,
                "minHeight": 40,
                "paddingHorizontal": 8,
                "paddingVertical": 7,
              },
              {
                "alignItems": "center",
                "flexDirection": "row",
                "width": "100%",
              },
            ]
          }
        >
          <TextInput
            appearance="default"
            editable={true}
            multiline={false}
            onBlur={[Function]}
            onChangeText={[Function]}
            onFocus={[Function]}
            onMouseEnter={[Function]}
            onMouseLeave={[Function]}
            placeholder="Make sure to download previous site docs"
            placeholderTextColor="#A0A0A0"
            secureTextEntry={false}
            size="medium"
            status="basic"
            style={
              [
                {
                  "color": "#222B45",
                  "fontFamily": "System",
                  "fontSize": 15,
                  "fontWeight": "normal",
                  "marginHorizontal": 8,
                },
                {
                  "flexBasis": "auto",
                  "flexGrow": 1,
                  "flexShrink": 1,
                },
                null,
                {
                  "fontSize": 18,
                  "maxHeight": 24,
                },
              ]
            }
            testID="@undefined/input"
            value=""
          />
        </View>
      </View>
      <View
        accessibilityState={
          {
            "busy": undefined,
            "checked": undefined,
            "disabled": undefined,
            "expanded": undefined,
            "selected": undefined,
          }
        }
        accessibilityValue={
          {
            "max": undefined,
            "min": undefined,
            "now": undefined,
            "text": undefined,
          }
        }
        accessible={true}
        collapsable={false}
        focusable={true}
        onClick={[Function]}
        onResponderGrant={[Function]}
        onResponderMove={[Function]}
        onResponderRelease={[Function]}
        onResponderTerminate={[Function]}
        onResponderTerminationRequest={[Function]}
        onStartShouldSetResponder={[Function]}
        style={
          {
            "alignItems": "center",
            "backgroundColor": "#06b4e0",
            "borderColor": "#596CA7",
            "borderRadius": 4,
            "borderWidth": 1,
            "flexDirection": "row",
            "justifyContent": "center",
            "margin": 20,
            "minHeight": 40,
            "minWidth": 40,
            "opacity": 1,
            "paddingHorizontal": 10,
            "paddingVertical": 12,
          }
        }
      >
        <Text
          appearance="default"
          category="h6"
          status="basic"
          style={
            [
              {
                "color": "#222B45",
                "fontFamily": "System",
                "fontSize": 18,
                "fontWeight": "800",
              },
              {
                "color": "black",
              },
            ]
          }
        >
          Submit
        </Text>
      </View>
    </View>
  </View>
</View>
`;
